Microchip MPLAB XC8 Compiler V2.36

Linker command line:

-W-3 --edf=C:\Program Files\Microchip\xc8\v2.36\pic\dat\en_msgs.txt -cn \
  -h+dist/default/production\Car_Black_Box.X.production.sym \
  --cmf=dist/default/production\Car_Black_Box.X.production.cmf -z -Q16F877A \
  -oC:\Users\Gladys\AppData\Local\Temp\xcAs9u0.4 --defsym=__MPLAB_BUILD=1 \
  -Mdist/default/production/Car_Black_Box.X.production.map \
  --md=C:\Users\Gladys\AppData\Local\Temp\xcAs9u0.dat -E1 -ver=XC8 Compiler \
  --acfsm=1493 -ACODE=00h-07FFhx4 -ASTRCODE=00h-01FFFh -ASTRING=00h-0FFhx32 \
  -ACONST=00h-0FFhx32 -AENTRY=00h-0FFhx32 -ACOMMON=070h-07Fh \
  -ABANK0=020h-06Fh -ABANK1=0A0h-0EFh -ABANK2=0110h-016Fh \
  -ABANK3=0190h-01EFh -ARAM=020h-06Fh,0A0h-0EFh,0110h-016Fh,0190h-01EFh \
  -AABS1=020h-07Fh,0A0h-0EFh,0110h-016Fh,0190h-01EFh -ASFR0=00h-01Fh \
  -ASFR1=080h-09Fh -ASFR2=0100h-010Fh -ASFR3=0180h-018Fh \
  -ACONFIG=02007h-02007h -DCONFIG=2 -AIDLOC=02000h-02003h -DIDLOC=2 \
  -AEEDATA=00h-0FFh/02100h -peeprom_data=EEDATA -DEEDATA=2 -DCODE=2 \
  -DSTRCODE=2 -DSTRING=2 -DCONST=2 -DENTRY=2 \
  -preset_vec=00h,intentry=04h,init,end_init -ppowerup=CODE -pcinit=CODE \
  -pfunctab=ENTRY -k C:\Users\Gladys\AppData\Local\Temp\xcAs9u0.o \
  dist/default/production\Car_Black_Box.X.production.o 

Object code version is 3.11

Machine type is 16F877A



                Name                               Link     Load   Length Selector   Space Scale
C:\Users\Gladys\AppData\Local\Temp\xcAs9u0.o
                end_init                              C        C        3        8       0
                reset_vec                             0        0        3        0       0
                config                             2007     2007        1        0       4
                idloc                              2000     2000        4        0       5
dist/default/production\Car_Black_Box.X.production.o
                cinit                                 F        F       37        8       0
                intentry                              4        4        8        8       0
                config                             2007     2007        1        0       4
                idloc                              2000     2000        4        0       5
                text43                              B1F      B1F       33     163E       0
                text42                              BC5      BC5       46     178A       0
                text41                              A06      A06       20     140C       0
                text40                              7D1      7D1       2F        8       0
                text39                              98C      98C       15     1318       0
                text38                             17F3     17F3        D     2FE6       0
                text37                              AC5      AC5       2D     158A       0
                text36                              C55      C55       52     18AA       0
                text35                              489      489      163        8       0
                text34                              B86      B86       3F     170C       0
                text33                              F97      F97       69     1F2E       0
                text32                              D52      D52       59     1AA4       0
                text31                              94D      94D        D     129A       0
                text30                              A26      A26       23     144C       0
                text29                             17B4     17B4        9     2F68       0
                text28                             17BD     17BD        9     2F7A       0
                text27                             17C6     17C6        B     2F8C       0
                text26                             17D1     17D1        B     2FA2       0
                text25                              AF2      AF2       2D     15E4       0
                text24                              DAB      DAB       5F     1B56       0
                text23                              EC9      EC9       66     1D92       0
                text22                              E0A      E0A       5F     1C14       0
                text21                             17A5     17A5        7     2F4A       0
                text20                              CA7      CA7       53     194E       0
                text19                             17DC     17DC        B     2FB8       0
                text18                             179F     179F        6     2F3E       0
                text17                              9E8      9E8       1E     13D0       0
                text16                              9CD      9CD       1B     139A       0
                text15                              F2F      F2F       68     1E5E       0
                text14                              B52      B52       34     16A4       0
                text13                              95A      95A        D     12B4       0
                text12                              A9A      A9A       2B     1534       0
                text11                              9A1      9A1       15     1342       0
                text10                              CFA      CFA       58     19F4       0
                text9                               C0B      C0B       4A     1816       0
                text8                               E69      E69       60     1CD2       0
                text7                               9B6      9B6       17     136C       0
                text6                               2EC      2EC      19D        8       0
                text5                               720      720       B1        8       0
                text4                               967      967       12     12CE       0
                text3                               A70      A70       2A     14E0       0
                text2                               A49      A49       27     1492       0
                text1                               5EC      5EC      134        8       0
                maintext                             46       46      2A6        8       0
                cstackBANK0                          20       20       25       20       1
                cstackCOMMON                         70       70        9       70       1
                clrtext                            17AC     17AC        8     2F58       0
                inittext                            979      979       13     12F2       0
                dataBANK1                            B4       B4        C       A0       1
                bssBANK1                             A0       A0       14       A0       1
                dataBANK0                            5F       5F        A       20       1
                bssBANK0                             45       45       1A       20       1
                dataCOMMON                           7B       7B        1       70       1
                bssCOMMON                            79       79        2       70       1
                stringtext                          800      800      131       10       0
                strings                             931      931       12     1262       0
                idataBANK1                         17E7     17E7        C     2FCE       0
                idataBANK0                          943      943        A     1286       0
                idataCOMMON                           3        3        1        0       0

TOTAL           Name                               Link     Load   Length     Space
        CLASS   CODE           
                end_init                              C        C        3         0
                cinit                                 F        F       37         0
                intentry                              4        4        8         0
                reset_vec                             0        0        3         0
                text43                              B1F      B1F       33         0
                text42                              BC5      BC5       46         0
                text41                              A06      A06       20         0
                text40                              7D1      7D1       2F         0
                text39                              98C      98C       15         0
                text38                             17F3     17F3        D         0
                text37                              AC5      AC5       2D         0
                text36                              C55      C55       52         0
                text35                              489      489      163         0
                text34                              B86      B86       3F         0
                text33                              F97      F97       69         0
                text32                              D52      D52       59         0
                text31                              94D      94D        D         0
                text30                              A26      A26       23         0
                text29                             17B4     17B4        9         0
                text28                             17BD     17BD        9         0
                text27                             17C6     17C6        B         0
                text26                             17D1     17D1        B         0
                text25                              AF2      AF2       2D         0
                text24                              DAB      DAB       5F         0
                text23                              EC9      EC9       66         0
                text22                              E0A      E0A       5F         0
                text21                             17A5     17A5        7         0
                text20                              CA7      CA7       53         0
                text19                             17DC     17DC        B         0
                text18                             179F     179F        6         0
                text17                              9E8      9E8       1E         0
                text16                              9CD      9CD       1B         0
                text15                              F2F      F2F       68         0
                text14                              B52      B52       34         0
                text13                              95A      95A        D         0
                text12                              A9A      A9A       2B         0
                text11                              9A1      9A1       15         0
                text10                              CFA      CFA       58         0
                text9                               C0B      C0B       4A         0
                text8                               E69      E69       60         0
                text7                               9B6      9B6       17         0
                text6                               2EC      2EC      19D         0
                text5                               720      720       B1         0
                text4                               967      967       12         0
                text3                               A70      A70       2A         0
                text2                               A49      A49       27         0
                text1                               5EC      5EC      134         0
                maintext                             46       46      2A6         0
                clrtext                            17AC     17AC        8         0
                inittext                            979      979       13         0
                idataBANK1                         17E7     17E7        C         0
                idataBANK0                          943      943        A         0
                idataCOMMON                           3        3        1         0

        CLASS   STRCODE        
                stringtext                          800      800      131         0

        CLASS   STRING         
                strings                             931      931       12         0

        CLASS   CONST          

        CLASS   ENTRY          

        CLASS   COMMON         
                cstackCOMMON                         70       70        9         1
                dataCOMMON                           7B       7B        1         1
                bssCOMMON                            79       79        2         1

        CLASS   BANK0          
                cstackBANK0                          20       20       25         1
                dataBANK0                            5F       5F        A         1
                bssBANK0                             45       45       1A         1

        CLASS   BANK1          
                dataBANK1                            B4       B4        C         1
                bssBANK1                             A0       A0       14         1

        CLASS   BANK2          

        CLASS   BANK3          

        CLASS   RAM            

        CLASS   ABS1           
                abs_s1                               7E       7E        2         1

        CLASS   SFR0           

        CLASS   SFR1           

        CLASS   SFR2           

        CLASS   SFR3           

        CLASS   CONFIG         
                config                             2007     2007        1         4

        CLASS   IDLOC          
                idloc                              2000     2000        4         5

        CLASS   EEDATA         

        CLASS   STACK          



SEGMENTS        Name                           Load    Length   Top    Selector   Space  Class     Delta

                reset_vec                      000000  000004  000004         0       0  CODE        2
                intentry                       000004  0007FC  000800         8       0  CODE        2
                cstackBANK0                    000020  000049  000069        20       1  BANK0       1
                cstackCOMMON                   000070  00000C  00007C        70       1  COMMON      1
                bssBANK1                       0000A0  000020  0000C0        A0       1  BANK1       1
                stringtext                     000800  000131  000931        10       0  STRCODE     2
                strings                        000931  000012  000943      1262       0  STRING      2
                idataBANK0                     000943  00000A  00094D      1286       0  CODE        2
                text31                         00094D  00000D  00095A      129A       0  CODE        2
                text13                         00095A  00000D  000967      12B4       0  CODE        2
                text4                          000967  000012  000979      12CE       0  CODE        2
                inittext                       000979  000013  00098C      12F2       0  CODE        2
                text39                         00098C  000015  0009A1      1318       0  CODE        2
                text11                         0009A1  000015  0009B6      1342       0  CODE        2
                text7                          0009B6  000017  0009CD      136C       0  CODE        2
                text16                         0009CD  00001B  0009E8      139A       0  CODE        2
                text17                         0009E8  00001E  000A06      13D0       0  CODE        2
                text41                         000A06  000020  000A26      140C       0  CODE        2
                text30                         000A26  000023  000A49      144C       0  CODE        2
                text2                          000A49  000027  000A70      1492       0  CODE        2
                text3                          000A70  00002A  000A9A      14E0       0  CODE        2
                text12                         000A9A  00002B  000AC5      1534       0  CODE        2
                text37                         000AC5  00002D  000AF2      158A       0  CODE        2
                text25                         000AF2  00002D  000B1F      15E4       0  CODE        2
                text43                         000B1F  000033  000B52      163E       0  CODE        2
                text14                         000B52  000034  000B86      16A4       0  CODE        2
                text34                         000B86  00003F  000BC5      170C       0  CODE        2
                text42                         000BC5  000046  000C0B      178A       0  CODE        2
                text9                          000C0B  00004A  000C55      1816       0  CODE        2
                text36                         000C55  000052  000CA7      18AA       0  CODE        2
                text20                         000CA7  000053  000CFA      194E       0  CODE        2
                text10                         000CFA  000058  000D52      19F4       0  CODE        2
                text32                         000D52  000059  000DAB      1AA4       0  CODE        2
                text24                         000DAB  00005F  000E0A      1B56       0  CODE        2
                text22                         000E0A  00005F  000E69      1C14       0  CODE        2
                text8                          000E69  000060  000EC9      1CD2       0  CODE        2
                text23                         000EC9  000066  000F2F      1D92       0  CODE        2
                text15                         000F2F  000068  000F97      1E5E       0  CODE        2
                text33                         000F97  000069  001000      1F2E       0  CODE        2
                text18                         00179F  000006  0017A5      2F3E       0  CODE        2
                text21                         0017A5  000007  0017AC      2F4A       0  CODE        2
                clrtext                        0017AC  000008  0017B4      2F58       0  CODE        2
                text29                         0017B4  000009  0017BD      2F68       0  CODE        2
                text28                         0017BD  000009  0017C6      2F7A       0  CODE        2
                text27                         0017C6  00000B  0017D1      2F8C       0  CODE        2
                text26                         0017D1  00000B  0017DC      2FA2       0  CODE        2
                text19                         0017DC  00000B  0017E7      2FB8       0  CODE        2
                idataBANK1                     0017E7  00000C  0017F3      2FCE       0  CODE        2
                text38                         0017F3  00000D  001800      2FE6       0  CODE        2


UNUSED ADDRESS RANGES

        Name                Unused          Largest block    Delta
        BANK0            0069-006F              7           1
        BANK1            00C0-00EF             30           1
        BANK2            0110-016F             60           1
        BANK3            0190-01EF             60           1
        CODE             1000-179E            79F           2
                         1800-1FFF            800
        COMMON           007C-007D              2           1
        CONST            1000-179E            100           2
                         1800-1FFF            100
        EEDATA           2100-21FF            100           2
        ENTRY            1000-179E            100           2
                         1800-1FFF            100
        RAM              0069-006F              7           1
                         00C0-00EF             30
                         0110-016F             60
                         0190-01EF             60
        SFR0             0000-001F             20           1
        SFR1             0080-009F             20           1
        SFR2             0100-010F             10           1
        SFR3             0180-018F             10           1
        STRCODE          1000-179E            79F           2
                         1800-1FFF            800
        STRING           1000-179E            100           2
                         1800-1FFF            100

                                  Symbol Table

?___awdiv                        cstackCOMMON 0072
?___awmod                        cstackCOMMON 0072
?___lldiv                        cstackBANK0  0020
?___lwdiv                        cstackBANK0  0020
?_read_adc                       cstackCOMMON 0072
?_strncmp                        cstackCOMMON 0072
_ACKDT                           (abs)        048D
_ACKEN                           (abs)        048C
_ACKSTAT                         (abs)        048E
_ADFM                            (abs)        04FF
_ADON                            (abs)        00F8
_ADRESH                          (abs)        001E
_ADRESL                          (abs)        009E
_EEADR                           (abs)        010D
_EECON1                          (abs)        018C
_EECON1bits                      (abs)        018C
_EECON2                          (abs)        018D
_EEDATA                          (abs)        010C
_GIE                             (abs)        005F
_GO                              (abs)        00FA
_INTCONbits                      (abs)        000B
_PEIE                            (abs)        005E
_PEN                             (abs)        048A
_PORTB                           (abs)        0006
_PORTD                           (abs)        0008
_PR2                             (abs)        0092
_RCEN                            (abs)        048B
_RE1                             (abs)        0049
_RE2                             (abs)        004A
_R_nW                            (abs)        04A2
_SEN                             (abs)        0488
_SSPADD                          (abs)        0093
_SSPBUF                          (abs)        0013
_SSPCON2                         (abs)        0091
_SSPEN                           (abs)        00A5
_SSPM3                           (abs)        00A3
_STATUSbits                      (abs)        0003
_T2CKPS0                         (abs)        0090
_T2CKPS1                         (abs)        0091
_TMR2IE                          (abs)        0461
_TMR2IF                          (abs)        0061
_TMR2ON                          (abs)        0092
_TRISB                           (abs)        0086
_TRISD                           (abs)        0088
_TRISE1                          (abs)        0449
_TRISE2                          (abs)        044A
__Habs1                          abs1         0000
__Hbank0                         bank0        0000
__Hbank1                         bank1        0000
__Hbank2                         bank2        0000
__Hbank3                         bank3        0000
__HbssBANK0                      bssBANK0     0000
__HbssBANK1                      bssBANK1     0000
__HbssCOMMON                     bssCOMMON    0000
__Hcinit                         cinit        0046
__Hclrtext                       clrtext      0000
__Hcode                          code         0000
__Hcommon                        common       0000
__Hconfig                        config       2008
__HcstackBANK0                   cstackBANK0  0000
__HcstackCOMMON                  cstackCOMMON 0000
__HdataBANK0                     dataBANK0    0000
__HdataBANK1                     dataBANK1    0000
__HdataCOMMON                    dataCOMMON   0000
__Heeprom_data                   eeprom_data  0000
__Hend_init                      end_init     000F
__Hfunctab                       functab      0000
__HidataBANK0                    idataBANK0   0000
__HidataBANK1                    idataBANK1   0000
__HidataCOMMON                   idataCOMMON  0000
__Hidloc                         idloc        2004
__Hinit                          init         000C
__Hinittext                      inittext     0000
__Hintentry                      intentry     000C
__Hmaintext                      maintext     0000
__Hpowerup                       powerup      0000
__Hram                           ram          0000
__Hreset_vec                     reset_vec    0003
__Hsfr0                          sfr0         0000
__Hsfr1                          sfr1         0000
__Hsfr2                          sfr2         0000
__Hsfr3                          sfr3         0000
__Hspace_0                       (abs)        1800
__Hspace_1                       (abs)        00C0
__Hspace_2                       (abs)        0000
__Hspace_3                       (abs)        0000
__Hspace_4                       (abs)        400F
__Hstack                         stack        0000
__Hstrings                       strings      0000
__Hstringtext                    stringtext   0000
__Htext                          text         0000
__Labs1                          abs1         0000
__Lbank0                         bank0        0000
__Lbank1                         bank1        0000
__Lbank2                         bank2        0000
__Lbank3                         bank3        0000
__LbssBANK0                      bssBANK0     0000
__LbssBANK1                      bssBANK1     0000
__LbssCOMMON                     bssCOMMON    0000
__Lcinit                         cinit        000F
__Lclrtext                       clrtext      0000
__Lcode                          code         0000
__Lcommon                        common       0000
__Lconfig                        config       0000
__LcstackBANK0                   cstackBANK0  0000
__LcstackCOMMON                  cstackCOMMON 0000
__LdataBANK0                     dataBANK0    0000
__LdataBANK1                     dataBANK1    0000
__LdataCOMMON                    dataCOMMON   0000
__Leeprom_data                   eeprom_data  0000
__Lend_init                      end_init     000C
__Lfunctab                       functab      0000
__LidataBANK0                    idataBANK0   0000
__LidataBANK1                    idataBANK1   0000
__LidataCOMMON                   idataCOMMON  0000
__Lidloc                         idloc        0000
__Linit                          init         000C
__Linittext                      inittext     0000
__Lintentry                      intentry     0004
__Lmaintext                      maintext     0000
__Lpowerup                       powerup      0000
__Lram                           ram          0000
__Lreset_vec                     reset_vec    0000
__Lsfr0                          sfr0         0000
__Lsfr1                          sfr1         0000
__Lsfr2                          sfr2         0000
__Lsfr3                          sfr3         0000
__Lspace_0                       (abs)        0000
__Lspace_1                       (abs)        0000
__Lspace_2                       (abs)        0000
__Lspace_3                       (abs)        0000
__Lspace_4                       (abs)        0000
__Lstack                         stack        0000
__Lstrings                       strings      0000
__Lstringtext                    stringtext   0000
__Ltext                          text         0000
__S0                             (abs)        1800
__S1                             (abs)        00C0
__S3                             (abs)        0000
___awdiv                         text33       0F97
___awdiv@counter                 cstackBANK0  0020
___awdiv@dividend                cstackCOMMON 0074
___awdiv@divisor                 cstackCOMMON 0072
___awdiv@quotient                cstackBANK0  0022
___awdiv@sign                    cstackBANK0  0021
___awmod                         text32       0D52
___awmod@counter                 cstackCOMMON 0077
___awmod@dividend                cstackCOMMON 0074
___awmod@divisor                 cstackCOMMON 0072
___awmod@sign                    cstackCOMMON 0078
___bmul                          text11       09A1
___bmul@multiplicand             cstackCOMMON 0072
___bmul@multiplier               cstackCOMMON 0075
___bmul@product                  cstackCOMMON 0074
___int_sp                        stack        0000
___latbits                       (abs)        0002
___lldiv                         text15       0F2F
___lldiv@counter                 cstackCOMMON 0077
___lldiv@dividend                cstackBANK0  0024
___lldiv@divisor                 cstackBANK0  0020
___lldiv@quotient                cstackCOMMON 0073
___lwdiv                         text42       0BC5
___lwdiv@counter                 cstackBANK0  0024
___lwdiv@dividend                cstackBANK0  0022
___lwdiv@divisor                 cstackBANK0  0020
___lwdiv@quotient                cstackBANK0  0025
___sp                            stack        0000
___stackhi                       (abs)        0000
___stacklo                       (abs)        0000
__end_of___awdiv                 text33       1000
__end_of___awmod                 text32       0DAB
__end_of___bmul                  text11       09B6
__end_of___lldiv                 text15       0F97
__end_of___lwdiv                 text42       0C0B
__end_of__initialization         cinit        0042
__end_of__stringtab              strings      0943
__end_of_change_password         text35       05EC
__end_of_clcd_print              text40       0800
__end_of_clcd_putch              text39       09A1
__end_of_clcd_write              text41       0A26
__end_of_clear_log               text34       0BC5
__end_of_clear_screen            text38       1800
__end_of_display_dash_board      text22       0E69
__end_of_display_time            text23       0F2F
__end_of_eeprom_read             text7        09CD
__end_of_eeprom_write            text37       0AF2
__end_of_get_time                text24       0E0A
__end_of_i2c_read                text30       0A49
__end_of_i2c_rep_start           text27       17D1
__end_of_i2c_start               text29       17BD
__end_of_i2c_stop                text28       17C6
__end_of_i2c_wait_for_idle       text31       095A
__end_of_i2c_write               text26       17DC
__end_of_init_adc                text21       17AC
__end_of_init_clcd               text19       17E7
__end_of_init_config             text12       0AC5
__end_of_init_digital_keypad     text18       17A5
__end_of_init_display_controller text20       0CFA
__end_of_init_ds1307             text16       09E8
__end_of_init_i2c                text14       0B86
__end_of_init_timer2             text13       0967
__end_of_isr                     text43       0B52
__end_of_log_car_event           text8        0EC9
__end_of_log_event               text10       0D52
__end_of_login                   text6        0489
__end_of_login_menu              text5        07D1
__end_of_main                    maintext     02EC
__end_of_read_adc                text4        0979
__end_of_read_digital_keypad     text3        0A9A
__end_of_read_ds1307             text25       0B1F
__end_of_strcpy                  text2        0A70
__end_of_strncmp                 text36       0CA7
__end_of_strncpy                 text9        0C55
__end_of_view_log                text1        0720
__end_of_write_ds1307            text17       0A06
__initialization                 cinit        000F
__pbssBANK0                      bssBANK0     0045
__pbssBANK1                      bssBANK1     00A0
__pbssCOMMON                     bssCOMMON    0079
__pcstackBANK0                   cstackBANK0  0020
__pcstackCOMMON                  cstackCOMMON 0070
__pdataBANK0                     dataBANK0    005F
__pdataBANK1                     dataBANK1    00B4
__pdataCOMMON                    dataCOMMON   007B
__pidataBANK0                    idataBANK0   0943
__pidataBANK1                    idataBANK1   17E7
__pidataCOMMON                   idataCOMMON  0003
__pintentry                      intentry     0004
__pmaintext                      maintext     0046
__pstrings                       strings      0931
__pstringtext                    stringtext   0800
__ptext1                         text1        05EC
__ptext10                        text10       0CFA
__ptext11                        text11       09A1
__ptext12                        text12       0A9A
__ptext13                        text13       095A
__ptext14                        text14       0B52
__ptext15                        text15       0F2F
__ptext16                        text16       09CD
__ptext17                        text17       09E8
__ptext18                        text18       179F
__ptext19                        text19       17DC
__ptext2                         text2        0A49
__ptext20                        text20       0CA7
__ptext21                        text21       17A5
__ptext22                        text22       0E0A
__ptext23                        text23       0EC9
__ptext24                        text24       0DAB
__ptext25                        text25       0AF2
__ptext26                        text26       17D1
__ptext27                        text27       17C6
__ptext28                        text28       17BD
__ptext29                        text29       17B4
__ptext3                         text3        0A70
__ptext30                        text30       0A26
__ptext31                        text31       094D
__ptext32                        text32       0D52
__ptext33                        text33       0F97
__ptext34                        text34       0B86
__ptext35                        text35       0489
__ptext36                        text36       0C55
__ptext37                        text37       0AC5
__ptext38                        text38       17F3
__ptext39                        text39       098C
__ptext4                         text4        0967
__ptext40                        text40       07D1
__ptext41                        text41       0A06
__ptext42                        text42       0BC5
__ptext43                        text43       0B1F
__ptext5                         text5        0720
__ptext6                         text6        02EC
__ptext7                         text7        09B6
__ptext8                         text8        0E69
__ptext9                         text9        0C0B
__stringbase                     strings      0943
__stringtab                      strings      0931
_change_password                 text35       0489
_clcd_print                      text40       07D1
_clcd_putch                      text39       098C
_clcd_write                      text41       0A06
_clear_log                       text34       0B86
_clear_screen                    text38       17F3
_clock_reg                       bssBANK0     0045
_display_dash_board              text22       0E0A
_display_time                    text23       0EC9
_eeprom_read                     text7        09B6
_eeprom_write                    text37       0AC5
_event_count                     bssBANK0     004C
_gear                            dataBANK1    00B4
_get_time                        text24       0DAB
_i2c_read                        text30       0A26
_i2c_rep_start                   text27       17C6
_i2c_start                       text29       17B4
_i2c_stop                        text28       17BD
_i2c_wait_for_idle               text31       094D
_i2c_write                       text26       17D1
_init_adc                        text21       17A5
_init_clcd                       text19       17DC
_init_config                     text12       0A9A
_init_digital_keypad             text18       179F
_init_display_controller         text20       0CA7
_init_ds1307                     text16       09CD
_init_i2c                        text14       0B52
_init_timer2                     text13       095A
_isr                             text43       0B1F
_log                             bssBANK1     00A0
_log_car_event                   text8        0E69
_log_event                       text10       0CFA
_login                           text6        02EC
_login_menu                      text5        0720
_main                            maintext     0046
_menu                            dataBANK0    005F
_nDONE                           (abs)        00FA
_pos                             dataBANK0    0068
_read_adc                        text4        0967
_read_digital_keypad             text3        0A70
_read_ds1307                     text25       0AF2
_return_time                     bssBANK0     0053
_sec                             bssBANK0     0052
_strcpy                          text2        0A49
_strncmp                         text36       0C55
_strncpy                         text9        0C0B
_time                            bssBANK0     0054
_view_log                        text1        05EC
_write_ds1307                    text17       09E8
btemp                            (abs)        007E
change_password@i                cstackBANK0  002B
change_password@key              cstackBANK0  002A
change_password@once             bssBANK0     0048
change_password@pos              bssBANK0     004A
change_password@pwd              bssBANK1     00AB
change_password@reset_flag       cstackBANK0  0026
clcd_print@addr                  cstackCOMMON 0078
clcd_print@str                   cstackCOMMON 0076
clcd_putch@addr                  cstackBANK0  0024
clcd_putch@data                  cstackBANK0  0025
clcd_write@byte                  cstackCOMMON 0075
clcd_write@mode                  cstackCOMMON 0072
clear_log@reset_flag             cstackBANK0  0023
clear_ram0                       clrtext      17AC
display_dash_board@event         cstackBANK0  002B
display_dash_board@speed         cstackBANK0  0027
eeprom_read@addr                 cstackCOMMON 0073
eeprom_write@addr                cstackCOMMON 0074
eeprom_write@value               cstackCOMMON 0072
end_of_initialization            cinit        0042
i2c_read@ack                     cstackCOMMON 0073
i2c_read@data                    cstackCOMMON 0074
i2c_write@data                   cstackCOMMON 0072
init_ds1307@dummy                cstackBANK0  0020
init_fetch0                      inittext     0979
init_i2c@baud                    cstackBANK0  0028
init_ram0                        inittext     097D
interrupt_function               intentry     0004
intlevel0                        functab      0000
intlevel1                        functab      0000
intlevel2                        functab      0000
intlevel3                        functab      0000
intlevel4                        functab      0000
intlevel5                        functab      0000
isr@count                        bssCOMMON    0079
log_car_event@event              cstackBANK0  0024
log_car_event@speed              cstackBANK0  0026
log_event@add                    cstackBANK0  0020
log_event@i                      cstackBANK0  0021
login@attempt_rem                bssBANK0     0051
login@i                          bssBANK0     0050
login@j                          cstackBANK0  002F
login@key                        cstackBANK0  002E
login@npassword                  bssBANK0     005B
login@reset_flag                 cstackBANK0  0026
login@spassword                  cstackBANK0  002A
login_menu@key                   cstackBANK0  002A
login_menu@menu_pos              bssBANK0     004F
login_menu@reset_flag            cstackBANK0  0026
main@F1018                       dataBANK0    0065
main@control_flag                cstackBANK0  0041
main@event                       cstackBANK0  003D
main@gr                          cstackBANK0  0040
main@key                         cstackBANK0  0044
main@menu_pos                    cstackBANK0  003C
main@reset_flag                  cstackBANK0  0042
main@speed                       cstackBANK0  0043
read_adc@adc_reg_val             cstackCOMMON 0074
read_digital_keypad@mode         cstackCOMMON 0073
read_digital_keypad@once         dataCOMMON   007B
read_ds1307@addr                 cstackCOMMON 0076
read_ds1307@data                 cstackCOMMON 0077
reset_vec                        reset_vec    0000
saved_w                          (abs)        007E
start                            init         000C
start_initialization             cinit        000F
strcpy@cp                        cstackCOMMON 0075
strcpy@from                      cstackCOMMON 0072
strcpy@to                        cstackCOMMON 0076
strncmp@len                      cstackCOMMON 0074
strncmp@s1                       cstackCOMMON 0078
strncmp@s2                       cstackCOMMON 0072
strncpy@cp                       cstackBANK0  0021
strncpy@from                     cstackCOMMON 0072
strncpy@size                     cstackCOMMON 0074
strncpy@to                       cstackBANK0  0020
view_log@add                     cstackBANK0  0035
view_log@i                       cstackBANK0  0037
view_log@key                     cstackBANK0  0036
view_log@reset_flag              cstackBANK0  0026
view_log@rlog                    cstackBANK0  002A
view_log@rpos                    bssBANK0     004E
write_ds1307@addr                cstackCOMMON 0074
write_ds1307@data                cstackCOMMON 0073
wtemp0                           (abs)        007E


MODULE INFORMATION

Module		Function		Class		Link	Load	Size
timers.c
		_init_timer2   		CODE           	095A	0000	13

timers.c estimated size: 13

digital_keypad.c
		_init_digital_keypad		CODE           	179F	0000	6
		_read_digital_keypad		CODE           	0A70	0000	42

digital_keypad.c estimated size: 48

C:\Program Files\Microchip\xc8\v2.36\pic\sources\c90\common\awmod.c
		___awmod       		CODE           	0D52	0000	89

C:\Program Files\Microchip\xc8\v2.36\pic\sources\c90\common\awmod.c estimated size: 89

i2c.c
		_i2c_start     		CODE           	17B4	0000	9
		_i2c_rep_start 		CODE           	17C6	0000	11
		_i2c_write     		CODE           	17D1	0000	11
		_i2c_stop      		CODE           	17BD	0000	9
		_i2c_read      		CODE           	0A26	0000	35
		_init_i2c      		CODE           	0B52	0000	52
		_i2c_wait_for_idle		CODE           	094D	0000	13

i2c.c estimated size: 140

ds1307.c
		_read_ds1307   		CODE           	0AF2	0000	45
		_write_ds1307  		CODE           	09E8	0000	30
		_init_ds1307   		CODE           	09CD	0000	27

ds1307.c estimated size: 102

C:\Program Files\Microchip\xc8\v2.36\pic\sources\c90\common\strncmp.c
		_strncmp       		CODE           	0C55	0000	82

C:\Program Files\Microchip\xc8\v2.36\pic\sources\c90\common\strncmp.c estimated size: 82

C:\Program Files\Microchip\xc8\v2.36\pic\sources\c90\common\lwdiv.c
		___lwdiv       		CODE           	0BC5	0000	70

C:\Program Files\Microchip\xc8\v2.36\pic\sources\c90\common\lwdiv.c estimated size: 70

C:\Program Files\Microchip\xc8\v2.36\pic\sources\c90\common\strncpy.c
		_strncpy       		CODE           	0C0B	0000	74

C:\Program Files\Microchip\xc8\v2.36\pic\sources\c90\common\strncpy.c estimated size: 74

C:\Program Files\Microchip\xc8\v2.36\pic\sources\c90\common\awdiv.c
		___awdiv       		CODE           	0F97	0000	105

C:\Program Files\Microchip\xc8\v2.36\pic\sources\c90\common\awdiv.c estimated size: 105

adc.c
		_init_adc      		CODE           	17A5	0000	7
		_read_adc      		CODE           	0967	0000	18

adc.c estimated size: 25

C:\Program Files\Microchip\xc8\v2.36\pic\sources\c90\common\__lldiv.c
		___lldiv       		CODE           	0F2F	0000	104

C:\Program Files\Microchip\xc8\v2.36\pic\sources\c90\common\__lldiv.c estimated size: 104

C:\Program Files\Microchip\xc8\v2.36\pic\sources\c90\pic\__eeread.c
		_eeprom_read   		CODE           	09B6	0000	23

C:\Program Files\Microchip\xc8\v2.36\pic\sources\c90\pic\__eeread.c estimated size: 23

C:\Program Files\Microchip\xc8\v2.36\pic\sources\c90\common\Umul8.c
		___bmul        		CODE           	09A1	0000	21

C:\Program Files\Microchip\xc8\v2.36\pic\sources\c90\common\Umul8.c estimated size: 21

isr.c
		_isr           		CODE           	0B1F	0000	51

isr.c estimated size: 51

C:\Program Files\Microchip\xc8\v2.36\pic\sources\c90\pic\__eewrite.c
		_eeprom_write  		CODE           	0AC5	0000	45

C:\Program Files\Microchip\xc8\v2.36\pic\sources\c90\pic\__eewrite.c estimated size: 45

shared
		__stringtab    		STRING         	0931	0000	18
		__initialization		CODE           	000F	0000	51

shared estimated size: 69

clcd.c
		_clcd_write    		CODE           	0A06	0000	32
		_clcd_print    		CODE           	07D1	0000	47
		_clcd_putch    		CODE           	098C	0000	21
		_init_display_controller		CODE           	0CA7	0000	83
		_init_clcd     		CODE           	17DC	0000	11

clcd.c estimated size: 194

car_black_box_def.c
		_view_log      		CODE           	05EC	0000	308
		_log_car_event 		CODE           	0E69	0000	96
		_display_time  		CODE           	0EC9	0000	102
		_change_password		CODE           	0489	0000	355
		_get_time      		CODE           	0DAB	0000	95
		_clear_screen  		CODE           	17F3	0000	13
		_display_dash_board		CODE           	0E0A	0000	95
		_log_event     		CODE           	0CFA	0000	88
		_login_menu    		CODE           	0720	0000	177
		_clear_log     		CODE           	0B86	0000	63
		_login         		CODE           	02EC	0000	413

car_black_box_def.c estimated size: 1805

C:\Program Files\Microchip\xc8\v2.36\pic\sources\c90\common\strcpy.c
		_strcpy        		CODE           	0A49	0000	39

C:\Program Files\Microchip\xc8\v2.36\pic\sources\c90\common\strcpy.c estimated size: 39

main.c
		_main          		CODE           	0046	0000	678
		_init_config   		CODE           	0A9A	0000	43

main.c estimated size: 721

